mode: set
github.com/icaroribeiro/new-go-code-challenge-template-2/pkg/customerror/customerror.go:32.28,34.2 1 1
github.com/icaroribeiro/new-go-code-challenge-template-2/pkg/customerror/customerror.go:37.50,39.2 1 1
github.com/icaroribeiro/new-go-code-challenge-template-2/pkg/customerror/customerror.go:42.41,44.2 1 1
github.com/icaroribeiro/new-go-code-challenge-template-2/pkg/customerror/customerror.go:47.50,49.2 1 1
github.com/icaroribeiro/new-go-code-challenge-template-2/pkg/customerror/customerror.go:52.72,54.2 1 1
github.com/icaroribeiro/new-go-code-challenge-template-2/pkg/customerror/customerror.go:57.35,58.46 1 1
github.com/icaroribeiro/new-go-code-challenge-template-2/pkg/customerror/customerror.go:62.2,62.15 1 1
github.com/icaroribeiro/new-go-code-challenge-template-2/pkg/customerror/customerror.go:58.46,60.3 1 1
github.com/icaroribeiro/new-go-code-challenge-template-2/internal/transport/presentation/handler/graphql/handler.go:15.67,21.2 2 0
github.com/icaroribeiro/new-go-code-challenge-template-2/internal/transport/presentation/handler/graphql/handler.go:23.45,31.2 1 0
github.com/icaroribeiro/new-go-code-challenge-template-2/internal/transport/router/graphql/router.go:11.86,20.2 1 1
github.com/icaroribeiro/new-go-code-challenge-template-2/internal/application/service/healthcheck/service.go:13.51,17.2 1 1
github.com/icaroribeiro/new-go-code-challenge-template-2/internal/application/service/healthcheck/service.go:21.37,23.16 2 1
github.com/icaroribeiro/new-go-code-challenge-template-2/internal/application/service/healthcheck/service.go:27.2,27.33 1 1
github.com/icaroribeiro/new-go-code-challenge-template-2/internal/application/service/healthcheck/service.go:31.2,31.12 1 1
github.com/icaroribeiro/new-go-code-challenge-template-2/internal/application/service/healthcheck/service.go:23.16,25.3 1 1
github.com/icaroribeiro/new-go-code-challenge-template-2/internal/application/service/healthcheck/service.go:27.33,29.3 1 1
github.com/icaroribeiro/new-go-code-challenge-template-2/pkg/env/env.go:9.69,11.9 2 1
github.com/icaroribeiro/new-go-code-challenge-template-2/pkg/env/env.go:15.2,15.14 1 1
github.com/icaroribeiro/new-go-code-challenge-template-2/pkg/env/env.go:11.9,13.3 1 1
github.com/icaroribeiro/new-go-code-challenge-template-2/pkg/httputil/handler/handler.go:6.40,7.71 1 1
github.com/icaroribeiro/new-go-code-challenge-template-2/pkg/httputil/handler/handler.go:7.71,9.3 1 1
github.com/icaroribeiro/new-go-code-challenge-template-2/pkg/httputil/handler/handler.go:13.48,14.71 1 1
github.com/icaroribeiro/new-go-code-challenge-template-2/pkg/httputil/handler/handler.go:14.71,16.3 1 1
github.com/icaroribeiro/new-go-code-challenge-template-2/pkg/server/server.go:13.59,20.2 1 1
github.com/icaroribeiro/new-go-code-challenge-template-2/pkg/server/server.go:23.32,25.2 1 1
github.com/icaroribeiro/new-go-code-challenge-template-2/pkg/server/server.go:28.50,30.2 1 1
github.com/icaroribeiro/new-go-code-challenge-template-2/pkg/datastore/datastore.go:13.58,16.16 2 1
github.com/icaroribeiro/new-go-code-challenge-template-2/pkg/datastore/datastore.go:21.2,21.82 1 1
github.com/icaroribeiro/new-go-code-challenge-template-2/pkg/datastore/datastore.go:17.18,18.37 1 1
github.com/icaroribeiro/new-go-code-challenge-template-2/pkg/datastore/datastore.go:25.43,27.2 1 1
github.com/icaroribeiro/new-go-code-challenge-template-2/pkg/datastore/datastore.go:30.34,32.16 2 1
github.com/icaroribeiro/new-go-code-challenge-template-2/pkg/datastore/datastore.go:36.2,36.19 1 1
github.com/icaroribeiro/new-go-code-challenge-template-2/pkg/datastore/datastore.go:32.16,34.3 1 1
github.com/icaroribeiro/new-go-code-challenge-template-2/pkg/datastore/postgres_driver.go:16.72,19.27 2 1
github.com/icaroribeiro/new-go-code-challenge-template-2/pkg/datastore/postgres_driver.go:31.2,34.16 3 1
github.com/icaroribeiro/new-go-code-challenge-template-2/pkg/datastore/postgres_driver.go:38.2,42.8 1 1
github.com/icaroribeiro/new-go-code-challenge-template-2/pkg/datastore/postgres_driver.go:19.27,21.3 1 1
github.com/icaroribeiro/new-go-code-challenge-template-2/pkg/datastore/postgres_driver.go:21.8,29.3 1 1
github.com/icaroribeiro/new-go-code-challenge-template-2/pkg/datastore/postgres_driver.go:34.16,36.3 1 1
github.com/icaroribeiro/new-go-code-challenge-template-2/pkg/datastore/postgres_driver.go:46.49,48.2 1 1
github.com/icaroribeiro/new-go-code-challenge-template-2/pkg/datastore/postgres_driver.go:51.40,53.2 1 1
