github.com/icaroribeiro/new-go-code-challenge-template-2/internal/application/service/auth/service.go:27:							New				100.0%
github.com/icaroribeiro/new-go-code-challenge-template-2/internal/application/service/auth/service.go:47:							Register			100.0%
github.com/icaroribeiro/new-go-code-challenge-template-2/internal/application/service/auth/service.go:99:							LogIn				100.0%
github.com/icaroribeiro/new-go-code-challenge-template-2/internal/application/service/auth/service.go:146:							RenewToken			100.0%
github.com/icaroribeiro/new-go-code-challenge-template-2/internal/application/service/auth/service.go:151:							ModifyPassword			100.0%
github.com/icaroribeiro/new-go-code-challenge-template-2/internal/application/service/auth/service.go:189:							LogOut				100.0%
github.com/icaroribeiro/new-go-code-challenge-template-2/internal/application/service/auth/service.go:200:							WithDBTrx			100.0%
github.com/icaroribeiro/new-go-code-challenge-template-2/internal/application/service/healthcheck/service.go:13:						New				100.0%
github.com/icaroribeiro/new-go-code-challenge-template-2/internal/application/service/healthcheck/service.go:21:						GetStatus			100.0%
github.com/icaroribeiro/new-go-code-challenge-template-2/internal/application/service/user/service.go:17:							New				100.0%
github.com/icaroribeiro/new-go-code-challenge-template-2/internal/application/service/user/service.go:24:							GetAll				100.0%
github.com/icaroribeiro/new-go-code-challenge-template-2/internal/application/service/user/service.go:34:							WithDBTrx			100.0%
github.com/icaroribeiro/new-go-code-challenge-template-2/internal/infrastructure/storage/datastore/repository/auth/repository.go:20:				New				100.0%
github.com/icaroribeiro/new-go-code-challenge-template-2/internal/infrastructure/storage/datastore/repository/auth/repository.go:28:				Create				100.0%
github.com/icaroribeiro/new-go-code-challenge-template-2/internal/infrastructure/storage/datastore/repository/auth/repository.go:55:				GetByUserID			100.0%
github.com/icaroribeiro/new-go-code-challenge-template-2/internal/infrastructure/storage/datastore/repository/auth/repository.go:66:				Delete				100.0%
github.com/icaroribeiro/new-go-code-challenge-template-2/internal/infrastructure/storage/datastore/repository/auth/repository.go:90:				WithDBTrx			100.0%
github.com/icaroribeiro/new-go-code-challenge-template-2/internal/infrastructure/storage/datastore/repository/login/repository.go:20:				New				100.0%
github.com/icaroribeiro/new-go-code-challenge-template-2/internal/infrastructure/storage/datastore/repository/login/repository.go:28:				Create				100.0%
github.com/icaroribeiro/new-go-code-challenge-template-2/internal/infrastructure/storage/datastore/repository/login/repository.go:44:				GetByUsername			100.0%
github.com/icaroribeiro/new-go-code-challenge-template-2/internal/infrastructure/storage/datastore/repository/login/repository.go:55:				GetByUserID			100.0%
github.com/icaroribeiro/new-go-code-challenge-template-2/internal/infrastructure/storage/datastore/repository/login/repository.go:66:				Update				100.0%
github.com/icaroribeiro/new-go-code-challenge-template-2/internal/infrastructure/storage/datastore/repository/login/repository.go:91:				Delete				100.0%
github.com/icaroribeiro/new-go-code-challenge-template-2/internal/infrastructure/storage/datastore/repository/login/repository.go:115:				WithDBTrx			100.0%
github.com/icaroribeiro/new-go-code-challenge-template-2/internal/infrastructure/storage/datastore/repository/user/repository.go:20:				New				100.0%
github.com/icaroribeiro/new-go-code-challenge-template-2/internal/infrastructure/storage/datastore/repository/user/repository.go:28:				Create				100.0%
github.com/icaroribeiro/new-go-code-challenge-template-2/internal/infrastructure/storage/datastore/repository/user/repository.go:44:				GetAll				100.0%
github.com/icaroribeiro/new-go-code-challenge-template-2/internal/infrastructure/storage/datastore/repository/user/repository.go:55:				WithDBTrx			100.0%
github.com/icaroribeiro/new-go-code-challenge-template-2/internal/transport/presentation/handler/graphql/gqlgen/graph/directive/auth/directive.go:22:		NewContext			100.0%
github.com/icaroribeiro/new-go-code-challenge-template-2/internal/transport/presentation/handler/graphql/gqlgen/graph/directive/auth/directive.go:27:		FromContext			100.0%
github.com/icaroribeiro/new-go-code-challenge-template-2/internal/transport/presentation/handler/graphql/gqlgen/graph/directive/auth/directive.go:32:		buildAuth			100.0%
github.com/icaroribeiro/new-go-code-challenge-template-2/internal/transport/presentation/handler/graphql/gqlgen/graph/directive/auth/directive.go:61:		AuthMiddleware			100.0%
github.com/icaroribeiro/new-go-code-challenge-template-2/internal/transport/presentation/handler/graphql/gqlgen/graph/directive/auth/directive.go:85:		AuthRenewalMiddleware		0.0%
github.com/icaroribeiro/new-go-code-challenge-template-2/internal/transport/presentation/handler/graphql/gqlgen/graph/directive/dbtrx/directive.go:19:		NewContext			100.0%
github.com/icaroribeiro/new-go-code-challenge-template-2/internal/transport/presentation/handler/graphql/gqlgen/graph/directive/dbtrx/directive.go:24:		FromContext			100.0%
github.com/icaroribeiro/new-go-code-challenge-template-2/internal/transport/presentation/handler/graphql/gqlgen/graph/directive/dbtrx/directive.go:30:		DBTrxMiddleware			100.0%
github.com/icaroribeiro/new-go-code-challenge-template-2/internal/transport/presentation/handler/graphql/gqlgen/graph/resolver/auth.resolvers.go:17:		SignUp				0.0%
github.com/icaroribeiro/new-go-code-challenge-template-2/internal/transport/presentation/handler/graphql/gqlgen/graph/resolver/auth.resolvers.go:31:		SignIn				0.0%
github.com/icaroribeiro/new-go-code-challenge-template-2/internal/transport/presentation/handler/graphql/gqlgen/graph/resolver/auth.resolvers.go:45:		RefreshToken			0.0%
github.com/icaroribeiro/new-go-code-challenge-template-2/internal/transport/presentation/handler/graphql/gqlgen/graph/resolver/auth.resolvers.go:59:		ChangePassword			0.0%
github.com/icaroribeiro/new-go-code-challenge-template-2/internal/transport/presentation/handler/graphql/gqlgen/graph/resolver/auth.resolvers.go:75:		SignOut				0.0%
github.com/icaroribeiro/new-go-code-challenge-template-2/internal/transport/presentation/handler/graphql/gqlgen/graph/resolver/auth.resolvers.go:92:		Mutation			0.0%
github.com/icaroribeiro/new-go-code-challenge-template-2/internal/transport/presentation/handler/graphql/gqlgen/graph/resolver/healthcheck.resolvers.go:13:	GetHealthCheck			0.0%
github.com/icaroribeiro/new-go-code-challenge-template-2/internal/transport/presentation/handler/graphql/gqlgen/graph/resolver/healthcheck.resolvers.go:24:	Query				0.0%
github.com/icaroribeiro/new-go-code-challenge-template-2/internal/transport/presentation/handler/graphql/gqlgen/graph/resolver/resolver.go:15:			NewResolver			0.0%
github.com/icaroribeiro/new-go-code-challenge-template-2/internal/transport/presentation/handler/graphql/gqlgen/graph/resolver/user.resolvers.go:12:		GetAllUsers			0.0%
github.com/icaroribeiro/new-go-code-challenge-template-2/internal/transport/presentation/handler/graphql/handler.go:24:						New				0.0%
github.com/icaroribeiro/new-go-code-challenge-template-2/internal/transport/presentation/handler/graphql/handler.go:36:						GraphQL				0.0%
github.com/icaroribeiro/new-go-code-challenge-template-2/internal/transport/router/graphql/router.go:12:							ConfigureRoutes			0.0%
github.com/icaroribeiro/new-go-code-challenge-template-2/pkg/auth/auth.go:23:											New				100.0%
github.com/icaroribeiro/new-go-code-challenge-template-2/pkg/auth/auth.go:33:											CreateToken			100.0%
github.com/icaroribeiro/new-go-code-challenge-template-2/pkg/auth/auth.go:49:											parseToken			100.0%
github.com/icaroribeiro/new-go-code-challenge-template-2/pkg/auth/auth.go:62:											DecodeToken			100.0%
github.com/icaroribeiro/new-go-code-challenge-template-2/pkg/auth/auth.go:80:											ValidateTokenRenewal		100.0%
github.com/icaroribeiro/new-go-code-challenge-template-2/pkg/auth/auth.go:107:											FetchAuthFromToken		100.0%
github.com/icaroribeiro/new-go-code-challenge-template-2/pkg/customerror/customerror.go:32:									New				100.0%
github.com/icaroribeiro/new-go-code-challenge-template-2/pkg/customerror/customerror.go:37:									Newf				100.0%
github.com/icaroribeiro/new-go-code-challenge-template-2/pkg/customerror/customerror.go:42:									Error				100.0%
github.com/icaroribeiro/new-go-code-challenge-template-2/pkg/customerror/customerror.go:47:									New				100.0%
github.com/icaroribeiro/new-go-code-challenge-template-2/pkg/customerror/customerror.go:52:									Newf				100.0%
github.com/icaroribeiro/new-go-code-challenge-template-2/pkg/customerror/customerror.go:57:									GetType				100.0%
github.com/icaroribeiro/new-go-code-challenge-template-2/pkg/datastore/datastore.go:13:										New				100.0%
github.com/icaroribeiro/new-go-code-challenge-template-2/pkg/datastore/datastore.go:25:										GetInstance			100.0%
github.com/icaroribeiro/new-go-code-challenge-template-2/pkg/datastore/datastore.go:30:										Close				100.0%
github.com/icaroribeiro/new-go-code-challenge-template-2/pkg/datastore/postgres_driver.go:16:									NewPostgresDriver		100.0%
github.com/icaroribeiro/new-go-code-challenge-template-2/pkg/datastore/postgres_driver.go:46:									GetInstance			100.0%
github.com/icaroribeiro/new-go-code-challenge-template-2/pkg/datastore/postgres_driver.go:51:									Close				100.0%
github.com/icaroribeiro/new-go-code-challenge-template-2/pkg/env/env.go:9:											GetEnvWithDefaultValue		100.0%
github.com/icaroribeiro/new-go-code-challenge-template-2/pkg/httputil/adapter/adapter.go:16:									AdaptFunc			100.0%
github.com/icaroribeiro/new-go-code-challenge-template-2/pkg/httputil/adapter/adapter.go:23:									With				100.0%
github.com/icaroribeiro/new-go-code-challenge-template-2/pkg/httputil/handler/handler.go:6:									GetNotFoundHandler		100.0%
github.com/icaroribeiro/new-go-code-challenge-template-2/pkg/httputil/handler/handler.go:13:									GetMethodNotAllowedHandler	100.0%
github.com/icaroribeiro/new-go-code-challenge-template-2/pkg/httputil/response/response.go:13:									RespondWithJson			100.0%
github.com/icaroribeiro/new-go-code-challenge-template-2/pkg/httputil/response/response.go:28:									RespondErrorWithJson		100.0%
github.com/icaroribeiro/new-go-code-challenge-template-2/pkg/middleware/auth/middleware.go:20:									NewContext			0.0%
github.com/icaroribeiro/new-go-code-challenge-template-2/pkg/middleware/auth/middleware.go:25:									FromContext			0.0%
github.com/icaroribeiro/new-go-code-challenge-template-2/pkg/middleware/auth/middleware.go:30:									extractTokenString		0.0%
github.com/icaroribeiro/new-go-code-challenge-template-2/pkg/middleware/auth/middleware.go:47:									Auth				0.0%
github.com/icaroribeiro/new-go-code-challenge-template-2/pkg/security/security.go:11:										New				100.0%
github.com/icaroribeiro/new-go-code-challenge-template-2/pkg/security/security.go:16:										HashPassword			100.0%
github.com/icaroribeiro/new-go-code-challenge-template-2/pkg/security/security.go:25:										VerifyPasswords			100.0%
github.com/icaroribeiro/new-go-code-challenge-template-2/pkg/server/server.go:13:										New				100.0%
github.com/icaroribeiro/new-go-code-challenge-template-2/pkg/server/server.go:23:										Start				100.0%
github.com/icaroribeiro/new-go-code-challenge-template-2/pkg/server/server.go:28:										Stop				100.0%
github.com/icaroribeiro/new-go-code-challenge-template-2/pkg/validator/password/validator.go:12:								Validate			100.0%
github.com/icaroribeiro/new-go-code-challenge-template-2/pkg/validator/username/validator.go:12:								Validate			100.0%
github.com/icaroribeiro/new-go-code-challenge-template-2/pkg/validator/uuid/validator.go:13:									Validate			100.0%
github.com/icaroribeiro/new-go-code-challenge-template-2/pkg/validator/validator.go:14:										New				100.0%
github.com/icaroribeiro/new-go-code-challenge-template-2/pkg/validator/validator.go:31:										Validate			100.0%
github.com/icaroribeiro/new-go-code-challenge-template-2/pkg/validator/validator.go:36:										ValidateWithTags		100.0%
total:																				(statements)			81.3%
