mode: set
github.com/icaroribeiro/new-go-code-challenge-template-2/internal/application/service/healthcheck/service.go:13.51,17.2 1 1
github.com/icaroribeiro/new-go-code-challenge-template-2/internal/application/service/healthcheck/service.go:21.37,23.16 2 1
github.com/icaroribeiro/new-go-code-challenge-template-2/internal/application/service/healthcheck/service.go:27.2,27.33 1 1
github.com/icaroribeiro/new-go-code-challenge-template-2/internal/application/service/healthcheck/service.go:31.2,31.12 1 1
github.com/icaroribeiro/new-go-code-challenge-template-2/internal/application/service/healthcheck/service.go:23.16,25.3 1 1
github.com/icaroribeiro/new-go-code-challenge-template-2/internal/application/service/healthcheck/service.go:27.33,29.3 1 1
github.com/icaroribeiro/new-go-code-challenge-template-2/internal/infrastructure/storage/datastore/repository/user/repository.go:20.59,25.2 2 1
github.com/icaroribeiro/new-go-code-challenge-template-2/internal/infrastructure/storage/datastore/repository/user/repository.go:28.80,32.64 3 1
github.com/icaroribeiro/new-go-code-challenge-template-2/internal/infrastructure/storage/datastore/repository/user/repository.go:40.2,40.38 1 1
github.com/icaroribeiro/new-go-code-challenge-template-2/internal/infrastructure/storage/datastore/repository/user/repository.go:32.64,33.68 1 1
github.com/icaroribeiro/new-go-code-challenge-template-2/internal/infrastructure/storage/datastore/repository/user/repository.go:37.3,37.43 1 1
github.com/icaroribeiro/new-go-code-challenge-template-2/internal/infrastructure/storage/datastore/repository/user/repository.go:33.68,35.4 1 1
github.com/icaroribeiro/new-go-code-challenge-template-2/internal/infrastructure/storage/datastore/repository/user/repository.go:44.59,47.63 2 1
github.com/icaroribeiro/new-go-code-challenge-template-2/internal/infrastructure/storage/datastore/repository/user/repository.go:51.2,51.39 1 1
github.com/icaroribeiro/new-go-code-challenge-template-2/internal/infrastructure/storage/datastore/repository/user/repository.go:47.63,49.3 1 1
github.com/icaroribeiro/new-go-code-challenge-template-2/internal/infrastructure/storage/datastore/repository/user/repository.go:55.84,56.18 1 1
github.com/icaroribeiro/new-go-code-challenge-template-2/internal/infrastructure/storage/datastore/repository/user/repository.go:61.2,62.10 2 1
github.com/icaroribeiro/new-go-code-challenge-template-2/internal/infrastructure/storage/datastore/repository/user/repository.go:56.18,59.3 2 1
github.com/icaroribeiro/new-go-code-challenge-template-2/internal/application/service/user/service.go:17.127,21.2 1 1
github.com/icaroribeiro/new-go-code-challenge-template-2/internal/application/service/user/service.go:24.56,26.16 2 1
github.com/icaroribeiro/new-go-code-challenge-template-2/internal/application/service/user/service.go:30.2,30.19 1 1
github.com/icaroribeiro/new-go-code-challenge-template-2/internal/application/service/user/service.go:26.16,28.3 1 1
github.com/icaroribeiro/new-go-code-challenge-template-2/internal/application/service/user/service.go:34.66,38.2 2 1
github.com/icaroribeiro/new-go-code-challenge-template-2/internal/infrastructure/storage/datastore/repository/auth/repository.go:20.59,25.2 2 1
github.com/icaroribeiro/new-go-code-challenge-template-2/internal/infrastructure/storage/datastore/repository/auth/repository.go:28.80,33.25 4 1
github.com/icaroribeiro/new-go-code-challenge-template-2/internal/infrastructure/storage/datastore/repository/auth/repository.go:51.2,51.38 1 1
github.com/icaroribeiro/new-go-code-challenge-template-2/internal/infrastructure/storage/datastore/repository/auth/repository.go:33.25,34.66 1 1
github.com/icaroribeiro/new-go-code-challenge-template-2/internal/infrastructure/storage/datastore/repository/auth/repository.go:48.3,48.43 1 1
github.com/icaroribeiro/new-go-code-challenge-template-2/internal/infrastructure/storage/datastore/repository/auth/repository.go:34.66,37.100 2 1
github.com/icaroribeiro/new-go-code-challenge-template-2/internal/infrastructure/storage/datastore/repository/auth/repository.go:41.4,41.60 1 1
github.com/icaroribeiro/new-go-code-challenge-template-2/internal/infrastructure/storage/datastore/repository/auth/repository.go:45.4,45.123 1 1
github.com/icaroribeiro/new-go-code-challenge-template-2/internal/infrastructure/storage/datastore/repository/auth/repository.go:37.100,39.5 1 1
github.com/icaroribeiro/new-go-code-challenge-template-2/internal/infrastructure/storage/datastore/repository/auth/repository.go:41.60,43.5 1 1
github.com/icaroribeiro/new-go-code-challenge-template-2/internal/infrastructure/storage/datastore/repository/auth/repository.go:55.76,58.83 2 1
github.com/icaroribeiro/new-go-code-challenge-template-2/internal/infrastructure/storage/datastore/repository/auth/repository.go:62.2,62.38 1 1
github.com/icaroribeiro/new-go-code-challenge-template-2/internal/infrastructure/storage/datastore/repository/auth/repository.go:58.83,60.3 1 1
github.com/icaroribeiro/new-go-code-challenge-template-2/internal/infrastructure/storage/datastore/repository/auth/repository.go:66.67,70.25 3 1
github.com/icaroribeiro/new-go-code-challenge-template-2/internal/infrastructure/storage/datastore/repository/auth/repository.go:74.2,74.30 1 1
github.com/icaroribeiro/new-go-code-challenge-template-2/internal/infrastructure/storage/datastore/repository/auth/repository.go:78.2,78.63 1 1
github.com/icaroribeiro/new-go-code-challenge-template-2/internal/infrastructure/storage/datastore/repository/auth/repository.go:82.2,82.30 1 1
github.com/icaroribeiro/new-go-code-challenge-template-2/internal/infrastructure/storage/datastore/repository/auth/repository.go:86.2,86.38 1 1
github.com/icaroribeiro/new-go-code-challenge-template-2/internal/infrastructure/storage/datastore/repository/auth/repository.go:70.25,72.3 1 1
github.com/icaroribeiro/new-go-code-challenge-template-2/internal/infrastructure/storage/datastore/repository/auth/repository.go:74.30,76.3 1 1
github.com/icaroribeiro/new-go-code-challenge-template-2/internal/infrastructure/storage/datastore/repository/auth/repository.go:78.63,80.3 1 1
github.com/icaroribeiro/new-go-code-challenge-template-2/internal/infrastructure/storage/datastore/repository/auth/repository.go:82.30,84.3 1 1
github.com/icaroribeiro/new-go-code-challenge-template-2/internal/infrastructure/storage/datastore/repository/auth/repository.go:90.84,91.18 1 1
github.com/icaroribeiro/new-go-code-challenge-template-2/internal/infrastructure/storage/datastore/repository/auth/repository.go:96.2,97.10 2 1
github.com/icaroribeiro/new-go-code-challenge-template-2/internal/infrastructure/storage/datastore/repository/auth/repository.go:91.18,94.3 2 1
github.com/icaroribeiro/new-go-code-challenge-template-2/internal/infrastructure/storage/datastore/repository/login/repository.go:20.60,25.2 2 1
github.com/icaroribeiro/new-go-code-challenge-template-2/internal/infrastructure/storage/datastore/repository/login/repository.go:28.83,32.65 3 1
github.com/icaroribeiro/new-go-code-challenge-template-2/internal/infrastructure/storage/datastore/repository/login/repository.go:40.2,40.39 1 1
github.com/icaroribeiro/new-go-code-challenge-template-2/internal/infrastructure/storage/datastore/repository/login/repository.go:32.65,33.67 1 1
github.com/icaroribeiro/new-go-code-challenge-template-2/internal/infrastructure/storage/datastore/repository/login/repository.go:37.3,37.44 1 1
github.com/icaroribeiro/new-go-code-challenge-template-2/internal/infrastructure/storage/datastore/repository/login/repository.go:33.67,35.4 1 1
github.com/icaroribeiro/new-go-code-challenge-template-2/internal/infrastructure/storage/datastore/repository/login/repository.go:44.81,47.87 2 1
github.com/icaroribeiro/new-go-code-challenge-template-2/internal/infrastructure/storage/datastore/repository/login/repository.go:51.2,51.39 1 1
github.com/icaroribeiro/new-go-code-challenge-template-2/internal/infrastructure/storage/datastore/repository/login/repository.go:47.87,49.3 1 1
github.com/icaroribeiro/new-go-code-challenge-template-2/internal/infrastructure/storage/datastore/repository/login/repository.go:55.77,58.84 2 1
github.com/icaroribeiro/new-go-code-challenge-template-2/internal/infrastructure/storage/datastore/repository/login/repository.go:62.2,62.39 1 1
github.com/icaroribeiro/new-go-code-challenge-template-2/internal/infrastructure/storage/datastore/repository/login/repository.go:58.84,60.3 1 1
github.com/icaroribeiro/new-go-code-challenge-template-2/internal/infrastructure/storage/datastore/repository/login/repository.go:66.94,71.25 4 1
github.com/icaroribeiro/new-go-code-challenge-template-2/internal/infrastructure/storage/datastore/repository/login/repository.go:75.2,75.30 1 1
github.com/icaroribeiro/new-go-code-challenge-template-2/internal/infrastructure/storage/datastore/repository/login/repository.go:79.2,79.74 1 1
github.com/icaroribeiro/new-go-code-challenge-template-2/internal/infrastructure/storage/datastore/repository/login/repository.go:83.2,83.30 1 1
github.com/icaroribeiro/new-go-code-challenge-template-2/internal/infrastructure/storage/datastore/repository/login/repository.go:87.2,87.39 1 1
github.com/icaroribeiro/new-go-code-challenge-template-2/internal/infrastructure/storage/datastore/repository/login/repository.go:71.25,73.3 1 1
github.com/icaroribeiro/new-go-code-challenge-template-2/internal/infrastructure/storage/datastore/repository/login/repository.go:75.30,77.3 1 1
github.com/icaroribeiro/new-go-code-challenge-template-2/internal/infrastructure/storage/datastore/repository/login/repository.go:79.74,81.3 1 1
github.com/icaroribeiro/new-go-code-challenge-template-2/internal/infrastructure/storage/datastore/repository/login/repository.go:83.30,85.3 1 1
github.com/icaroribeiro/new-go-code-challenge-template-2/internal/infrastructure/storage/datastore/repository/login/repository.go:91.68,95.25 3 1
github.com/icaroribeiro/new-go-code-challenge-template-2/internal/infrastructure/storage/datastore/repository/login/repository.go:99.2,99.30 1 1
github.com/icaroribeiro/new-go-code-challenge-template-2/internal/infrastructure/storage/datastore/repository/login/repository.go:103.2,103.64 1 1
github.com/icaroribeiro/new-go-code-challenge-template-2/internal/infrastructure/storage/datastore/repository/login/repository.go:107.2,107.30 1 1
github.com/icaroribeiro/new-go-code-challenge-template-2/internal/infrastructure/storage/datastore/repository/login/repository.go:111.2,111.39 1 1
github.com/icaroribeiro/new-go-code-challenge-template-2/internal/infrastructure/storage/datastore/repository/login/repository.go:95.25,97.3 1 1
github.com/icaroribeiro/new-go-code-challenge-template-2/internal/infrastructure/storage/datastore/repository/login/repository.go:99.30,101.3 1 1
github.com/icaroribeiro/new-go-code-challenge-template-2/internal/infrastructure/storage/datastore/repository/login/repository.go:103.64,105.3 1 1
github.com/icaroribeiro/new-go-code-challenge-template-2/internal/infrastructure/storage/datastore/repository/login/repository.go:107.30,109.3 1 1
github.com/icaroribeiro/new-go-code-challenge-template-2/internal/infrastructure/storage/datastore/repository/login/repository.go:115.85,116.18 1 1
github.com/icaroribeiro/new-go-code-challenge-template-2/internal/infrastructure/storage/datastore/repository/login/repository.go:121.2,122.10 2 1
github.com/icaroribeiro/new-go-code-challenge-template-2/internal/infrastructure/storage/datastore/repository/login/repository.go:116.18,119.3 2 1
github.com/icaroribeiro/new-go-code-challenge-template-2/internal/application/service/auth/service.go:33.46,44.2 1 1
github.com/icaroribeiro/new-go-code-challenge-template-2/internal/application/service/auth/service.go:47.81,48.58 1 1
github.com/icaroribeiro/new-go-code-challenge-template-2/internal/application/service/auth/service.go:52.2,53.16 2 1
github.com/icaroribeiro/new-go-code-challenge-template-2/internal/application/service/auth/service.go:57.2,57.22 1 1
github.com/icaroribeiro/new-go-code-challenge-template-2/internal/application/service/auth/service.go:61.2,66.16 3 1
github.com/icaroribeiro/new-go-code-challenge-template-2/internal/application/service/auth/service.go:70.2,77.16 3 1
github.com/icaroribeiro/new-go-code-challenge-template-2/internal/application/service/auth/service.go:81.2,86.16 3 1
github.com/icaroribeiro/new-go-code-challenge-template-2/internal/application/service/auth/service.go:90.2,91.16 2 1
github.com/icaroribeiro/new-go-code-challenge-template-2/internal/application/service/auth/service.go:95.2,95.19 1 1
github.com/icaroribeiro/new-go-code-challenge-template-2/internal/application/service/auth/service.go:48.58,50.3 1 1
github.com/icaroribeiro/new-go-code-challenge-template-2/internal/application/service/auth/service.go:53.16,55.3 1 1
github.com/icaroribeiro/new-go-code-challenge-template-2/internal/application/service/auth/service.go:57.22,59.3 1 1
github.com/icaroribeiro/new-go-code-challenge-template-2/internal/application/service/auth/service.go:66.16,68.3 1 1
github.com/icaroribeiro/new-go-code-challenge-template-2/internal/application/service/auth/service.go:77.16,79.3 1 1
github.com/icaroribeiro/new-go-code-challenge-template-2/internal/application/service/auth/service.go:86.16,88.3 1 1
github.com/icaroribeiro/new-go-code-challenge-template-2/internal/application/service/auth/service.go:91.16,93.3 1 1
github.com/icaroribeiro/new-go-code-challenge-template-2/internal/application/service/auth/service.go:99.78,100.58 1 1
github.com/icaroribeiro/new-go-code-challenge-template-2/internal/application/service/auth/service.go:104.2,105.16 2 1
github.com/icaroribeiro/new-go-code-challenge-template-2/internal/application/service/auth/service.go:109.2,109.21 1 1
github.com/icaroribeiro/new-go-code-challenge-template-2/internal/application/service/auth/service.go:113.2,113.88 1 1
github.com/icaroribeiro/new-go-code-challenge-template-2/internal/application/service/auth/service.go:117.2,118.16 2 1
github.com/icaroribeiro/new-go-code-challenge-template-2/internal/application/service/auth/service.go:122.2,122.21 1 1
github.com/icaroribeiro/new-go-code-challenge-template-2/internal/application/service/auth/service.go:126.2,131.16 3 1
github.com/icaroribeiro/new-go-code-challenge-template-2/internal/application/service/auth/service.go:135.2,138.16 3 1
github.com/icaroribeiro/new-go-code-challenge-template-2/internal/application/service/auth/service.go:142.2,142.19 1 1
github.com/icaroribeiro/new-go-code-challenge-template-2/internal/application/service/auth/service.go:100.58,102.3 1 1
github.com/icaroribeiro/new-go-code-challenge-template-2/internal/application/service/auth/service.go:105.16,107.3 1 1
github.com/icaroribeiro/new-go-code-challenge-template-2/internal/application/service/auth/service.go:109.21,111.3 1 1
github.com/icaroribeiro/new-go-code-challenge-template-2/internal/application/service/auth/service.go:113.88,115.3 1 1
github.com/icaroribeiro/new-go-code-challenge-template-2/internal/application/service/auth/service.go:118.16,120.3 1 1
github.com/icaroribeiro/new-go-code-challenge-template-2/internal/application/service/auth/service.go:122.21,124.3 1 1
github.com/icaroribeiro/new-go-code-challenge-template-2/internal/application/service/auth/service.go:131.16,133.3 1 1
github.com/icaroribeiro/new-go-code-challenge-template-2/internal/application/service/auth/service.go:138.16,140.3 1 1
github.com/icaroribeiro/new-go-code-challenge-template-2/internal/application/service/auth/service.go:146.70,148.2 1 1
github.com/icaroribeiro/new-go-code-challenge-template-2/internal/application/service/auth/service.go:151.84,152.74 1 1
github.com/icaroribeiro/new-go-code-challenge-template-2/internal/application/service/auth/service.go:156.2,156.56 1 1
github.com/icaroribeiro/new-go-code-challenge-template-2/internal/application/service/auth/service.go:160.2,161.16 2 1
github.com/icaroribeiro/new-go-code-challenge-template-2/internal/application/service/auth/service.go:165.2,165.21 1 1
github.com/icaroribeiro/new-go-code-challenge-template-2/internal/application/service/auth/service.go:169.2,169.93 1 1
github.com/icaroribeiro/new-go-code-challenge-template-2/internal/application/service/auth/service.go:177.2,177.56 1 1
github.com/icaroribeiro/new-go-code-challenge-template-2/internal/application/service/auth/service.go:181.2,185.12 3 1
github.com/icaroribeiro/new-go-code-challenge-template-2/internal/application/service/auth/service.go:152.74,154.3 1 1
github.com/icaroribeiro/new-go-code-challenge-template-2/internal/application/service/auth/service.go:156.56,158.3 1 1
github.com/icaroribeiro/new-go-code-challenge-template-2/internal/application/service/auth/service.go:161.16,163.3 1 1
github.com/icaroribeiro/new-go-code-challenge-template-2/internal/application/service/auth/service.go:165.21,167.3 1 1
github.com/icaroribeiro/new-go-code-challenge-template-2/internal/application/service/auth/service.go:169.93,170.59 1 1
github.com/icaroribeiro/new-go-code-challenge-template-2/internal/application/service/auth/service.go:174.3,174.13 1 1
github.com/icaroribeiro/new-go-code-challenge-template-2/internal/application/service/auth/service.go:170.59,172.4 1 1
github.com/icaroribeiro/new-go-code-challenge-template-2/internal/application/service/auth/service.go:177.56,179.3 1 1
github.com/icaroribeiro/new-go-code-challenge-template-2/internal/application/service/auth/service.go:189.43,190.74 1 1
github.com/icaroribeiro/new-go-code-challenge-template-2/internal/application/service/auth/service.go:194.2,196.12 2 1
github.com/icaroribeiro/new-go-code-challenge-template-2/internal/application/service/auth/service.go:190.74,192.3 1 1
github.com/icaroribeiro/new-go-code-challenge-template-2/internal/application/service/auth/service.go:200.66,208.2 4 1
github.com/icaroribeiro/new-go-code-challenge-template-2/internal/presentation/graphql-api/gqlgen/graph/directive/auth/directive.go:22.88,28.2 1 1
github.com/icaroribeiro/new-go-code-challenge-template-2/internal/presentation/graphql-api/gqlgen/graph/directive/auth/directive.go:36.95,38.16 2 1
github.com/icaroribeiro/new-go-code-challenge-template-2/internal/presentation/graphql-api/gqlgen/graph/directive/auth/directive.go:44.2,47.25 3 1
github.com/icaroribeiro/new-go-code-challenge-template-2/internal/presentation/graphql-api/gqlgen/graph/directive/auth/directive.go:51.2,51.23 1 1
github.com/icaroribeiro/new-go-code-challenge-template-2/internal/presentation/graphql-api/gqlgen/graph/directive/auth/directive.go:56.2,56.53 1 1
github.com/icaroribeiro/new-go-code-challenge-template-2/internal/presentation/graphql-api/gqlgen/graph/directive/auth/directive.go:61.2,61.18 1 1
github.com/icaroribeiro/new-go-code-challenge-template-2/internal/presentation/graphql-api/gqlgen/graph/directive/auth/directive.go:38.16,40.3 1 1
github.com/icaroribeiro/new-go-code-challenge-template-2/internal/presentation/graphql-api/gqlgen/graph/directive/auth/directive.go:47.25,49.3 1 1
github.com/icaroribeiro/new-go-code-challenge-template-2/internal/presentation/graphql-api/gqlgen/graph/directive/auth/directive.go:51.23,54.3 2 1
github.com/icaroribeiro/new-go-code-challenge-template-2/internal/presentation/graphql-api/gqlgen/graph/directive/auth/directive.go:56.53,59.3 2 1
github.com/icaroribeiro/new-go-code-challenge-template-2/internal/presentation/graphql-api/gqlgen/graph/directive/auth/directive.go:65.125,66.96 1 1
github.com/icaroribeiro/new-go-code-challenge-template-2/internal/presentation/graphql-api/gqlgen/graph/directive/auth/directive.go:66.96,68.10 2 1
github.com/icaroribeiro/new-go-code-challenge-template-2/internal/presentation/graphql-api/gqlgen/graph/directive/auth/directive.go:72.3,73.17 2 1
github.com/icaroribeiro/new-go-code-challenge-template-2/internal/presentation/graphql-api/gqlgen/graph/directive/auth/directive.go:77.3,79.19 2 1
github.com/icaroribeiro/new-go-code-challenge-template-2/internal/presentation/graphql-api/gqlgen/graph/directive/auth/directive.go:68.10,70.4 1 1
github.com/icaroribeiro/new-go-code-challenge-template-2/internal/presentation/graphql-api/gqlgen/graph/directive/auth/directive.go:73.17,75.4 1 1
github.com/icaroribeiro/new-go-code-challenge-template-2/internal/presentation/graphql-api/gqlgen/graph/directive/auth/directive.go:84.132,85.96 1 1
github.com/icaroribeiro/new-go-code-challenge-template-2/internal/presentation/graphql-api/gqlgen/graph/directive/auth/directive.go:85.96,87.10 2 1
github.com/icaroribeiro/new-go-code-challenge-template-2/internal/presentation/graphql-api/gqlgen/graph/directive/auth/directive.go:91.3,92.17 2 1
github.com/icaroribeiro/new-go-code-challenge-template-2/internal/presentation/graphql-api/gqlgen/graph/directive/auth/directive.go:96.3,97.17 2 1
github.com/icaroribeiro/new-go-code-challenge-template-2/internal/presentation/graphql-api/gqlgen/graph/directive/auth/directive.go:101.3,103.19 2 1
github.com/icaroribeiro/new-go-code-challenge-template-2/internal/presentation/graphql-api/gqlgen/graph/directive/auth/directive.go:87.10,89.4 1 1
github.com/icaroribeiro/new-go-code-challenge-template-2/internal/presentation/graphql-api/gqlgen/graph/directive/auth/directive.go:92.17,94.4 1 1
github.com/icaroribeiro/new-go-code-challenge-template-2/internal/presentation/graphql-api/gqlgen/graph/directive/auth/directive.go:97.17,99.4 1 1
github.com/icaroribeiro/new-go-code-challenge-template-2/internal/presentation/graphql-api/gqlgen/graph/directive/auth/directive.go:108.78,110.2 1 1
github.com/icaroribeiro/new-go-code-challenge-template-2/internal/presentation/graphql-api/gqlgen/graph/directive/auth/directive.go:113.65,116.2 2 1
github.com/icaroribeiro/new-go-code-challenge-template-2/internal/presentation/graphql-api/gqlgen/graph/directive/dbtrx/directive.go:17.34,21.2 1 1
github.com/icaroribeiro/new-go-code-challenge-template-2/internal/presentation/graphql-api/gqlgen/graph/directive/dbtrx/directive.go:30.126,31.96 1 1
github.com/icaroribeiro/new-go-code-challenge-template-2/internal/presentation/graphql-api/gqlgen/graph/directive/dbtrx/directive.go:31.96,32.18 1 1
github.com/icaroribeiro/new-go-code-challenge-template-2/internal/presentation/graphql-api/gqlgen/graph/directive/dbtrx/directive.go:36.3,38.16 2 1
github.com/icaroribeiro/new-go-code-challenge-template-2/internal/presentation/graphql-api/gqlgen/graph/directive/dbtrx/directive.go:54.3,58.17 3 1
github.com/icaroribeiro/new-go-code-challenge-template-2/internal/presentation/graphql-api/gqlgen/graph/directive/dbtrx/directive.go:69.3,69.18 1 1
github.com/icaroribeiro/new-go-code-challenge-template-2/internal/presentation/graphql-api/gqlgen/graph/directive/dbtrx/directive.go:32.18,34.4 1 1
github.com/icaroribeiro/new-go-code-challenge-template-2/internal/presentation/graphql-api/gqlgen/graph/directive/dbtrx/directive.go:38.16,39.32 1 1
github.com/icaroribeiro/new-go-code-challenge-template-2/internal/presentation/graphql-api/gqlgen/graph/directive/dbtrx/directive.go:39.32,41.26 2 1
github.com/icaroribeiro/new-go-code-challenge-template-2/internal/presentation/graphql-api/gqlgen/graph/directive/dbtrx/directive.go:47.5,49.11 3 1
github.com/icaroribeiro/new-go-code-challenge-template-2/internal/presentation/graphql-api/gqlgen/graph/directive/dbtrx/directive.go:42.16,43.13 1 1
github.com/icaroribeiro/new-go-code-challenge-template-2/internal/presentation/graphql-api/gqlgen/graph/directive/dbtrx/directive.go:44.13,45.37 1 1
github.com/icaroribeiro/new-go-code-challenge-template-2/internal/presentation/graphql-api/gqlgen/graph/directive/dbtrx/directive.go:58.17,59.46 1 1
github.com/icaroribeiro/new-go-code-challenge-template-2/internal/presentation/graphql-api/gqlgen/graph/directive/dbtrx/directive.go:59.46,61.5 1 1
github.com/icaroribeiro/new-go-code-challenge-template-2/internal/presentation/graphql-api/gqlgen/graph/directive/dbtrx/directive.go:62.9,64.49 2 1
github.com/icaroribeiro/new-go-code-challenge-template-2/internal/presentation/graphql-api/gqlgen/graph/directive/dbtrx/directive.go:64.49,66.5 1 1
github.com/icaroribeiro/new-go-code-challenge-template-2/internal/presentation/graphql-api/gqlgen/graph/directive/dbtrx/directive.go:74.70,76.2 1 1
github.com/icaroribeiro/new-go-code-challenge-template-2/internal/presentation/graphql-api/gqlgen/graph/directive/dbtrx/directive.go:79.56,82.2 2 1
github.com/icaroribeiro/new-go-code-challenge-template-2/internal/presentation/graphql-api/handler/handler.go:22.93,33.2 6 1
github.com/icaroribeiro/new-go-code-challenge-template-2/internal/presentation/graphql-api/handler/handler.go:35.74,43.2 2 1
github.com/icaroribeiro/new-go-code-challenge-template-2/internal/presentation/graphql-api/router/router.go:12.134,22.2 1 1
github.com/icaroribeiro/new-go-code-challenge-template-2/internal/presentation/graphql-api/gqlgen/graph/resolver/resolver.go:16.80,22.2 1 1
github.com/icaroribeiro/new-go-code-challenge-template-2/internal/presentation/graphql-api/gqlgen/graph/resolver/user.resolvers.go:12.82,14.16 2 1
github.com/icaroribeiro/new-go-code-challenge-template-2/internal/presentation/graphql-api/gqlgen/graph/resolver/user.resolvers.go:18.2,22.23 4 1
github.com/icaroribeiro/new-go-code-challenge-template-2/internal/presentation/graphql-api/gqlgen/graph/resolver/user.resolvers.go:26.2,26.22 1 1
github.com/icaroribeiro/new-go-code-challenge-template-2/internal/presentation/graphql-api/gqlgen/graph/resolver/user.resolvers.go:14.16,16.3 1 1
github.com/icaroribeiro/new-go-code-challenge-template-2/internal/presentation/graphql-api/gqlgen/graph/resolver/user.resolvers.go:22.23,24.3 1 1
github.com/icaroribeiro/new-go-code-challenge-template-2/internal/presentation/graphql-api/gqlgen/graph/resolver/auth.resolvers.go:17.113,19.25 2 1
github.com/icaroribeiro/new-go-code-challenge-template-2/internal/presentation/graphql-api/gqlgen/graph/resolver/auth.resolvers.go:23.2,24.16 2 1
github.com/icaroribeiro/new-go-code-challenge-template-2/internal/presentation/graphql-api/gqlgen/graph/resolver/auth.resolvers.go:28.2,28.47 1 1
github.com/icaroribeiro/new-go-code-challenge-template-2/internal/presentation/graphql-api/gqlgen/graph/resolver/auth.resolvers.go:19.25,21.3 1 1
github.com/icaroribeiro/new-go-code-challenge-template-2/internal/presentation/graphql-api/gqlgen/graph/resolver/auth.resolvers.go:24.16,26.3 1 1
github.com/icaroribeiro/new-go-code-challenge-template-2/internal/presentation/graphql-api/gqlgen/graph/resolver/auth.resolvers.go:31.113,33.25 2 1
github.com/icaroribeiro/new-go-code-challenge-template-2/internal/presentation/graphql-api/gqlgen/graph/resolver/auth.resolvers.go:37.2,38.16 2 1
github.com/icaroribeiro/new-go-code-challenge-template-2/internal/presentation/graphql-api/gqlgen/graph/resolver/auth.resolvers.go:42.2,42.47 1 1
github.com/icaroribeiro/new-go-code-challenge-template-2/internal/presentation/graphql-api/gqlgen/graph/resolver/auth.resolvers.go:33.25,35.3 1 0
github.com/icaroribeiro/new-go-code-challenge-template-2/internal/presentation/graphql-api/gqlgen/graph/resolver/auth.resolvers.go:38.16,40.3 1 0
github.com/icaroribeiro/new-go-code-challenge-template-2/internal/presentation/graphql-api/gqlgen/graph/resolver/auth.resolvers.go:45.91,47.27 2 1
github.com/icaroribeiro/new-go-code-challenge-template-2/internal/presentation/graphql-api/gqlgen/graph/resolver/auth.resolvers.go:51.2,52.16 2 1
github.com/icaroribeiro/new-go-code-challenge-template-2/internal/presentation/graphql-api/gqlgen/graph/resolver/auth.resolvers.go:56.2,56.47 1 1
github.com/icaroribeiro/new-go-code-challenge-template-2/internal/presentation/graphql-api/gqlgen/graph/resolver/auth.resolvers.go:47.27,49.3 1 1
github.com/icaroribeiro/new-go-code-challenge-template-2/internal/presentation/graphql-api/gqlgen/graph/resolver/auth.resolvers.go:52.16,54.3 1 1
github.com/icaroribeiro/new-go-code-challenge-template-2/internal/presentation/graphql-api/gqlgen/graph/resolver/auth.resolvers.go:59.119,61.27 2 0
github.com/icaroribeiro/new-go-code-challenge-template-2/internal/presentation/graphql-api/gqlgen/graph/resolver/auth.resolvers.go:65.2,66.16 2 0
github.com/icaroribeiro/new-go-code-challenge-template-2/internal/presentation/graphql-api/gqlgen/graph/resolver/auth.resolvers.go:70.2,72.8 1 0
github.com/icaroribeiro/new-go-code-challenge-template-2/internal/presentation/graphql-api/gqlgen/graph/resolver/auth.resolvers.go:61.27,63.3 1 0
github.com/icaroribeiro/new-go-code-challenge-template-2/internal/presentation/graphql-api/gqlgen/graph/resolver/auth.resolvers.go:66.16,68.3 1 0
github.com/icaroribeiro/new-go-code-challenge-template-2/internal/presentation/graphql-api/gqlgen/graph/resolver/auth.resolvers.go:75.86,77.27 2 1
github.com/icaroribeiro/new-go-code-challenge-template-2/internal/presentation/graphql-api/gqlgen/graph/resolver/auth.resolvers.go:81.2,82.16 2 1
github.com/icaroribeiro/new-go-code-challenge-template-2/internal/presentation/graphql-api/gqlgen/graph/resolver/auth.resolvers.go:86.2,88.8 1 1
github.com/icaroribeiro/new-go-code-challenge-template-2/internal/presentation/graphql-api/gqlgen/graph/resolver/auth.resolvers.go:77.27,79.3 1 1
github.com/icaroribeiro/new-go-code-challenge-template-2/internal/presentation/graphql-api/gqlgen/graph/resolver/auth.resolvers.go:82.16,84.3 1 1
github.com/icaroribeiro/new-go-code-challenge-template-2/internal/presentation/graphql-api/gqlgen/graph/resolver/auth.resolvers.go:92.58,92.89 1 1
github.com/icaroribeiro/new-go-code-challenge-template-2/internal/presentation/graphql-api/gqlgen/graph/resolver/healthcheck.resolvers.go:13.90,14.57 1 1
github.com/icaroribeiro/new-go-code-challenge-template-2/internal/presentation/graphql-api/gqlgen/graph/resolver/healthcheck.resolvers.go:18.2,20.8 1 1
github.com/icaroribeiro/new-go-code-challenge-template-2/internal/presentation/graphql-api/gqlgen/graph/resolver/healthcheck.resolvers.go:14.57,16.3 1 1
github.com/icaroribeiro/new-go-code-challenge-template-2/internal/presentation/graphql-api/gqlgen/graph/resolver/healthcheck.resolvers.go:24.52,24.80 1 1
